// Jest Snapshot v1, https://goo.gl/fbAQLP

exports[`App should match snapshot 1`] = `
<div
  className="App"
>
  <header>
    <h1>
      Palette Picker
    </h1>
  </header>
  <Generator
    getAllPalettes={[Function]}
    projects={Array []}
  />
  <Projects
    deletePalette={[Function]}
    deleteProject={[Function]}
    getAllProjects={[Function]}
    palettes={Array []}
    projects={Array []}
  />
</div>
`;
