// Jest Snapshot v1, https://goo.gl/fbAQLP

exports[`Card Container should match snapshot 1`] = `undefined`;
